This file contains any messages produced by compilers while
running configure, to aid debugging if configure makes a mistake.

It was created by libffi configure 3.4.3, which was
generated by GNU Autoconf 2.71.  Invocation command line was

  $ .././configure --srcdir=.. --enable-builddir=x86_64-pc-linux-gnu --prefix=/usr/local/libffi/3_4_3

## --------- ##
## Platform. ##
## --------- ##

hostname = velotermaitor
uname -m = x86_64
uname -r = 6.0.18-300.fc37.x86_64
uname -s = Linux
uname -v = #1 SMP PREEMPT_DYNAMIC Sat Jan 7 17:10:00 UTC 2023

/usr/bin/uname -p = x86_64
/bin/uname -X     = unknown

/bin/arch              = x86_64
/usr/bin/arch -k       = unknown
/usr/convex/getsysinfo = unknown
/usr/bin/hostinfo      = unknown
/bin/machine           = unknown
/usr/bin/oslevel       = unknown
/bin/universe          = unknown

PATH: /home/zeus/_/software/guake/kivy_venv/bin/
PATH: /home/zeus/.volta/bin/
PATH: /home/zeus/.local/share/pnpm/
PATH: /home/zeus/.rbenv/plugins/ruby-build/bin/
PATH: /home/zeus/.rbenv/shims/
PATH: /home/zeus/.rbenv/bin/
PATH: /home/linuxbrew/.linuxbrew/opt/postgresql@12/bin/
PATH: /home/linuxbrew/.linuxbrew/opt/php@7.4/sbin/
PATH: /home/linuxbrew/.linuxbrew/opt/php@7.4/bin/
PATH: /home/zeus/.poetry/bin/
PATH: /usr/lib/jvm/java-1.8.0-openjdk-1.8.0.345.b01-1.fc36.x86_64/bin/
PATH: /var/lib/snapd/snap/bin/
PATH: /home/zeus/.deno/bin/
PATH: /_/mongo/bin/
PATH: /home/linuxbrew/.linuxbrew/bin/
PATH: /home/linuxbrew/.linuxbrew/sbin/
PATH: /home/zeus/.evm/erlang_versions/otp_src_/bin/
PATH: /home/zeus/.pyenv/plugins/pyenv-virtualenv/shims/
PATH: /home/zeus/.pyenv/shims/
PATH: /home/zeus/.pyenv/bin/
PATH: /home/zeus/.rbenv/shims/
PATH: /home/linuxbrew/.linuxbrew/opt/php@7.4/sbin/
PATH: /home/linuxbrew/.linuxbrew/opt/php@7.4/bin/
PATH: /home/zeus/.volta/bin/
PATH: /home/linuxbrew/.linuxbrew/opt/postgresql@12/bin/
PATH: /home/linuxbrew/.linuxbrew/opt/php@7.4/sbin/
PATH: /home/linuxbrew/.linuxbrew/opt/php@7.4/bin/
PATH: /home/zeus/.poetry/bin/
PATH: /home/zeus/perl5/perlbrew/bin/
PATH: /usr/lib/jvm/java-1.8.0-openjdk-1.8.0.345.b01-1.fc36.x86_64/bin/
PATH: /home/zeus/.linuxbrew/opt/berkeley-db@4/bin/
PATH: /var/lib/snapd/snap/bin/
PATH: /home/zeus/.deno/bin/
PATH: /home/linuxbrew/.linuxbrew/bin/
PATH: /home/linuxbrew/.linuxbrew/sbin/
PATH: /home/zeus/_/software/anaconda3/bin/
PATH: /home/zeus/.volta/bin/
PATH: /home/zeus/.local/share/pnpm/
PATH: /home/linuxbrew/.linuxbrew/opt/postgresql@12/bin/
PATH: /home/linuxbrew/.linuxbrew/opt/php@7.4/sbin/
PATH: /home/linuxbrew/.linuxbrew/opt/php@7.4/bin/
PATH: /home/zeus/.rbenv/plugins/ruby-build/bin/
PATH: /home/zeus/.rbenv/shims/
PATH: /home/zeus/.rbenv/bin/
PATH: /usr/lib/jvm/java-1.8.0-openjdk-1.8.0.345.b01-1.fc36.x86_64/bin/
PATH: /var/lib/snapd/snap/bin/
PATH: /home/zeus/.deno/bin/
PATH: /_/mongo/bin/
PATH: /home/zeus/.nvm/versions/node/v16.3.0/bin/
PATH: /home/zeus/.evm/erlang_versions/otp_src_/bin/
PATH: /home/zeus/.pyenv/plugins/pyenv-virtualenv/shims/
PATH: /home/zeus/.pyenv/bin/
PATH: /home/linuxbrew/.linuxbrew/bin/
PATH: /home/linuxbrew/.linuxbrew/sbin/
PATH: /home/zeus/.local/bin/
PATH: /home/zeus/bin/
PATH: /usr/lib64/qt-3.3/bin/
PATH: /usr/share/Modules/bin/
PATH: /usr/condabin/
PATH: /usr/lib64/ccache/
PATH: /home/zeus/.volta/bin/
PATH: /home/zeus/.poetry/bin/
PATH: /usr/lib/jvm/java-1.8.0-openjdk-1.8.0.345.b01-1.fc36.x86_64/bin/
PATH: /home/zeus/.cargo/bin/
PATH: /home/linuxbrew/.linuxbrew/bin/
PATH: /home/linuxbrew/.linuxbrew/sbin/
PATH: /usr/local/bin/
PATH: /usr/local/sbin/
PATH: /usr/bin/
PATH: /usr/sbin/
PATH: /home/zeus/.composer/vendor/bin/
PATH: /home/zeus/.config/composer/vendor/bin/
PATH: /home/zeus/.fzf/bin/
PATH: /home/zeus/.config/composer/vendor/bin/


## ----------- ##
## Core tests. ##
## ----------- ##

configure:3073: looking for aux files: ltmain.sh compile missing install-sh config.guess config.sub
configure:3086:  trying ../
configure:3115:   ../ltmain.sh found
configure:3115:   ../compile found
configure:3115:   ../missing found
configure:3097:   ../install-sh found
configure:3115:   ../config.guess found
configure:3115:   ../config.sub found
configure:3236: checking build system type
configure:3251: result: x86_64-pc-linux-gnu
configure:3271: checking host system type
configure:3285: result: x86_64-pc-linux-gnu
configure:3305: checking target system type
configure:3319: result: x86_64-pc-linux-gnu
configure:3417: checking for gsed
configure:3453: result: sed
configure:3482: checking for a BSD-compatible install
configure:3555: result: /home/linuxbrew/.linuxbrew/bin/ginstall -c
configure:3566: checking whether build environment is sane
configure:3621: result: yes
configure:3776: checking for a race-free mkdir -p
configure:3820: result: /home/linuxbrew/.linuxbrew/bin/gmkdir -p
configure:3827: checking for gawk
configure:3848: found /usr/bin/gawk
configure:3859: result: gawk
configure:3870: checking whether make sets $(MAKE)
configure:3893: result: yes
configure:3923: checking whether make supports nested variables
configure:3941: result: yes
configure:4150: checking for gcc
configure:4171: found /usr/lib64/ccache/gcc
configure:4182: result: gcc
configure:4535: checking for C compiler version
configure:4544: gcc --version >&5
gcc (GCC) 12.2.1 20221121 (Red Hat 12.2.1-4)
Copyright (C) 2022 Free Software Foundation, Inc.
This is free software; see the source for copying conditions.  There is NO
warranty; not even for MERCHANTABILITY or FITNESS FOR A PARTICULAR PURPOSE.

configure:4555: $? = 0
configure:4544: gcc -v >&5
Using built-in specs.
COLLECT_GCC=/usr/bin/gcc
COLLECT_LTO_WRAPPER=/usr/libexec/gcc/x86_64-redhat-linux/12/lto-wrapper
OFFLOAD_TARGET_NAMES=nvptx-none
OFFLOAD_TARGET_DEFAULT=1
Target: x86_64-redhat-linux
Configured with: ../configure --enable-bootstrap --enable-languages=c,c++,fortran,objc,obj-c++,ada,go,d,lto --prefix=/usr --mandir=/usr/share/man --infodir=/usr/share/info --with-bugurl=http://bugzilla.redhat.com/bugzilla --enable-shared --enable-threads=posix --enable-checking=release --enable-multilib --with-system-zlib --enable-__cxa_atexit --disable-libunwind-exceptions --enable-gnu-unique-object --enable-linker-build-id --with-gcc-major-version-only --enable-libstdcxx-backtrace --with-linker-hash-style=gnu --enable-plugin --enable-initfini-array --with-isl=/builddir/build/BUILD/gcc-12.2.1-20221121/obj-x86_64-redhat-linux/isl-install --enable-offload-targets=nvptx-none --without-cuda-driver --enable-offload-defaulted --enable-gnu-indirect-function --enable-cet --with-tune=generic --with-arch_32=i686 --build=x86_64-redhat-linux --with-build-config=bootstrap-lto --enable-link-serialization=1
Thread model: posix
Supported LTO compression algorithms: zlib zstd
gcc version 12.2.1 20221121 (Red Hat 12.2.1-4) (GCC) 
... rest of stderr output deleted ...
configure:4555: $? = 0
configure:4544: gcc -V >&5
gcc: error: unrecognized command-line option '-V'
gcc: fatal error: no input files
compilation terminated.
configure:4555: $? = 1
configure:4544: gcc -qversion >&5
gcc: error: unrecognized command-line option '-qversion'; did you mean '--version'?
gcc: fatal error: no input files
compilation terminated.
configure:4555: $? = 1
configure:4544: gcc -version >&5
gcc: error: unrecognized command-line option '-version'
gcc: fatal error: no input files
compilation terminated.
configure:4555: $? = 1
configure:4575: checking whether the C compiler works
configure:4597: gcc    conftest.c  >&5
configure:4601: $? = 0
configure:4651: result: yes
configure:4654: checking for C compiler default output file name
configure:4656: result: a.out
configure:4662: checking for suffix of executables
configure:4669: gcc -o conftest    conftest.c  >&5
configure:4673: $? = 0
configure:4696: result: 
configure:4718: checking whether we are cross compiling
configure:4726: gcc -o conftest    conftest.c  >&5
configure:4730: $? = 0
configure:4737: ./conftest
configure:4741: $? = 0
configure:4756: result: no
configure:4761: checking for suffix of object files
configure:4784: gcc -c   conftest.c >&5
configure:4788: $? = 0
configure:4810: result: o
configure:4814: checking whether the compiler supports GNU C
configure:4834: gcc -c   conftest.c >&5
configure:4834: $? = 0
configure:4844: result: yes
configure:4855: checking whether gcc accepts -g
configure:4876: gcc -c -g  conftest.c >&5
configure:4876: $? = 0
configure:4920: result: yes
configure:4940: checking for gcc option to enable C11 features
configure:4955: gcc  -c -g -O2  conftest.c >&5
configure:4955: $? = 0
configure:4973: result: none needed
configure:5089: checking whether gcc understands -c and -o together
configure:5112: gcc -c conftest.c -o conftest2.o
configure:5115: $? = 0
configure:5112: gcc -c conftest.c -o conftest2.o
configure:5115: $? = 0
configure:5127: result: yes
configure:5147: checking whether make supports the include directive
configure:5162: make -f confmf.GNU && cat confinc.out
this is the am__doit target
configure:5165: $? = 0
configure:5184: result: yes (GNU style)
configure:5210: checking dependency style of gcc
configure:5322: result: gcc3
configure:5406: checking for g++
configure:5427: found /usr/lib64/ccache/g++
configure:5438: result: g++
configure:5465: checking for C++ compiler version
configure:5474: g++ --version >&5
g++ (GCC) 12.2.1 20221121 (Red Hat 12.2.1-4)
Copyright (C) 2022 Free Software Foundation, Inc.
This is free software; see the source for copying conditions.  There is NO
warranty; not even for MERCHANTABILITY or FITNESS FOR A PARTICULAR PURPOSE.

configure:5485: $? = 0
configure:5474: g++ -v >&5
Using built-in specs.
COLLECT_GCC=/usr/bin/g++
COLLECT_LTO_WRAPPER=/usr/libexec/gcc/x86_64-redhat-linux/12/lto-wrapper
OFFLOAD_TARGET_NAMES=nvptx-none
OFFLOAD_TARGET_DEFAULT=1
Target: x86_64-redhat-linux
Configured with: ../configure --enable-bootstrap --enable-languages=c,c++,fortran,objc,obj-c++,ada,go,d,lto --prefix=/usr --mandir=/usr/share/man --infodir=/usr/share/info --with-bugurl=http://bugzilla.redhat.com/bugzilla --enable-shared --enable-threads=posix --enable-checking=release --enable-multilib --with-system-zlib --enable-__cxa_atexit --disable-libunwind-exceptions --enable-gnu-unique-object --enable-linker-build-id --with-gcc-major-version-only --enable-libstdcxx-backtrace --with-linker-hash-style=gnu --enable-plugin --enable-initfini-array --with-isl=/builddir/build/BUILD/gcc-12.2.1-20221121/obj-x86_64-redhat-linux/isl-install --enable-offload-targets=nvptx-none --without-cuda-driver --enable-offload-defaulted --enable-gnu-indirect-function --enable-cet --with-tune=generic --with-arch_32=i686 --build=x86_64-redhat-linux --with-build-config=bootstrap-lto --enable-link-serialization=1
Thread model: posix
Supported LTO compression algorithms: zlib zstd
gcc version 12.2.1 20221121 (Red Hat 12.2.1-4) (GCC) 
... rest of stderr output deleted ...
configure:5485: $? = 0
configure:5474: g++ -V >&5
g++: error: unrecognized command-line option '-V'
g++: fatal error: no input files
compilation terminated.
configure:5485: $? = 1
configure:5474: g++ -qversion >&5
g++: error: unrecognized command-line option '-qversion'; did you mean '--version'?
g++: fatal error: no input files
compilation terminated.
configure:5485: $? = 1
configure:5489: checking whether the compiler supports GNU C++
configure:5509: g++ -c   conftest.cpp >&5
configure:5509: $? = 0
configure:5519: result: yes
configure:5530: checking whether g++ accepts -g
configure:5551: g++ -c -g  conftest.cpp >&5
configure:5551: $? = 0
configure:5595: result: yes
configure:5615: checking for g++ option to enable C++11 features
configure:5630: g++  -c -g -O2  conftest.cpp >&5
conftest.cpp: In function 'int main(int, char**)':
conftest.cpp:177:25: warning: empty parentheses were disambiguated as a function declaration [-Wvexing-parse]
  177 |   cxx11test::delegate d2();
      |                         ^~
conftest.cpp:177:25: note: remove parentheses to default-initialize a variable
  177 |   cxx11test::delegate d2();
      |                         ^~
      |                         --
conftest.cpp:177:25: note: or replace parentheses with braces to value-initialize a variable
configure:5630: $? = 0
configure:5648: result: none needed
configure:5714: checking dependency style of g++
configure:5826: result: gcc3
configure:5856: checking dependency style of gcc
configure:5966: result: gcc3
configure:5982: checking for grep that handles long lines and -e
configure:6046: result: /usr/bin/grep
configure:6051: checking for egrep
configure:6119: result: /usr/bin/grep -E
configure:6171: checking how to print strings
configure:6198: result: printf
configure:6219: checking for a sed that does not truncate output
configure:6289: result: /usr/bin/sed
configure:6307: checking for fgrep
configure:6375: result: /usr/bin/grep -F
configure:6411: checking for ld used by gcc
configure:6479: result: /home/linuxbrew/.linuxbrew/bin/ld
configure:6486: checking if the linker (/home/linuxbrew/.linuxbrew/bin/ld) is GNU ld
configure:6502: result: yes
configure:6514: checking for BSD- or MS-compatible name lister (nm)
configure:6569: result: /home/linuxbrew/.linuxbrew/bin/nm -B
configure:6709: checking the name lister (/home/linuxbrew/.linuxbrew/bin/nm -B) interface
configure:6717: gcc -c   conftest.c >&5
configure:6720: /home/linuxbrew/.linuxbrew/bin/nm -B "conftest.o"
configure:6723: output
0000000000000000 B some_variable
configure:6730: result: BSD nm
configure:6733: checking whether ln -s works
configure:6737: result: yes
configure:6745: checking the maximum length of command line arguments
configure:6877: result: 1572864
configure:6925: checking how to convert x86_64-pc-linux-gnu file names to x86_64-pc-linux-gnu format
configure:6966: result: func_convert_file_noop
configure:6973: checking how to convert x86_64-pc-linux-gnu file names to toolchain format
configure:6994: result: func_convert_file_noop
configure:7001: checking for /home/linuxbrew/.linuxbrew/bin/ld option to reload object files
configure:7009: result: -r
configure:7088: checking for file
configure:7109: found /usr/bin/file
configure:7120: result: file
configure:7196: checking for objdump
configure:7217: found /home/linuxbrew/.linuxbrew/bin/objdump
configure:7228: result: objdump
configure:7260: checking how to recognize dependent libraries
configure:7461: result: pass_all
configure:7551: checking for dlltool
configure:7572: found /home/linuxbrew/.linuxbrew/bin/dlltool
configure:7583: result: dlltool
configure:7616: checking how to associate runtime and link libraries
configure:7644: result: printf %s\n
configure:7710: checking for ar
configure:7731: found /home/linuxbrew/.linuxbrew/bin/ar
configure:7742: result: ar
configure:7795: checking for archiver @FILE support
configure:7813: gcc -c   conftest.c >&5
configure:7813: $? = 0
configure:7817: ar cr libconftest.a @conftest.lst >&5
configure:7820: $? = 0
configure:7825: ar cr libconftest.a @conftest.lst >&5
ar: conftest.o: No such file or directory
configure:7828: $? = 1
configure:7840: result: @
configure:7903: checking for strip
configure:7924: found /home/linuxbrew/.linuxbrew/bin/strip
configure:7935: result: strip
configure:8012: checking for ranlib
configure:8033: found /home/linuxbrew/.linuxbrew/bin/ranlib
configure:8044: result: ranlib
configure:8146: checking command to parse /home/linuxbrew/.linuxbrew/bin/nm -B output from gcc object
configure:8300: gcc -c   conftest.c >&5
configure:8303: $? = 0
configure:8307: /home/linuxbrew/.linuxbrew/bin/nm -B conftest.o \| /usr/bin/sed -n -e 's/^.*[ ]\([ABCDGIRSTW][ABCDGIRSTW]*\)[ ][ ]*\([_A-Za-z][_A-Za-z0-9]*\)$/\1 \2 \2/p' | /usr/bin/sed '/ __gnu_lto/d' \> conftest.nm
configure:8310: $? = 0
configure:8376: gcc -o conftest    conftest.c conftstm.o >&5
configure:8379: $? = 0
configure:8417: result: ok
configure:8464: checking for sysroot
configure:8495: result: no
configure:8502: checking for a working dd
configure:8546: result: /usr/bin/dd
configure:8550: checking how to truncate binary pipes
configure:8566: result: /usr/bin/dd bs=4096 count=1
configure:8703: gcc -c   conftest.c >&5
configure:8706: $? = 0
configure:8903: checking for mt
configure:8938: result: no
configure:8958: checking if : is a manifest tool
configure:8965: : '-?'
configure:8973: result: no
configure:9698: checking for stdio.h
configure:9698: gcc -c   conftest.c >&5
configure:9698: $? = 0
configure:9698: result: yes
configure:9698: checking for stdlib.h
configure:9698: gcc -c   conftest.c >&5
configure:9698: $? = 0
configure:9698: result: yes
configure:9698: checking for string.h
configure:9698: gcc -c   conftest.c >&5
configure:9698: $? = 0
configure:9698: result: yes
configure:9698: checking for inttypes.h
configure:9698: gcc -c   conftest.c >&5
configure:9698: $? = 0
configure:9698: result: yes
configure:9698: checking for stdint.h
configure:9698: gcc -c   conftest.c >&5
configure:9698: $? = 0
configure:9698: result: yes
configure:9698: checking for strings.h
configure:9698: gcc -c   conftest.c >&5
configure:9698: $? = 0
configure:9698: result: yes
configure:9698: checking for sys/stat.h
configure:9698: gcc -c   conftest.c >&5
configure:9698: $? = 0
configure:9698: result: yes
configure:9698: checking for sys/types.h
configure:9698: gcc -c   conftest.c >&5
configure:9698: $? = 0
configure:9698: result: yes
configure:9698: checking for unistd.h
configure:9698: gcc -c   conftest.c >&5
configure:9698: $? = 0
configure:9698: result: yes
configure:9723: checking for dlfcn.h
configure:9723: gcc -c   conftest.c >&5
configure:9723: $? = 0
configure:9723: result: yes
configure:9993: checking for objdir
configure:10009: result: .libs
configure:10273: checking if gcc supports -fno-rtti -fno-exceptions
configure:10292: gcc -c   -fno-rtti -fno-exceptions conftest.c >&5
cc1: warning: command-line option '-fno-rtti' is valid for C++/D/ObjC++ but not for C
configure:10296: $? = 0
configure:10309: result: no
configure:10667: checking for gcc option to produce PIC
configure:10675: result: -fPIC -DPIC
configure:10683: checking if gcc PIC flag -fPIC -DPIC works
configure:10702: gcc -c   -fPIC -DPIC -DPIC conftest.c >&5
configure:10706: $? = 0
configure:10719: result: yes
configure:10748: checking if gcc static flag -static works
configure:10777: result: no
configure:10792: checking if gcc supports -c -o file.o
configure:10814: gcc -c   -o out/conftest2.o conftest.c >&5
configure:10818: $? = 0
configure:10840: result: yes
configure:10848: checking if gcc supports -c -o file.o
configure:10896: result: yes
configure:10929: checking whether the gcc linker (/home/linuxbrew/.linuxbrew/bin/ld -m elf_x86_64) supports shared libraries
configure:12197: result: yes
configure:12234: checking whether -lc should be explicitly linked in
configure:12243: gcc -c   conftest.c >&5
configure:12246: $? = 0
configure:12261: gcc -shared  -fPIC -DPIC conftest.o  -v -Wl,-soname -Wl,conftest -o conftest 2\>\&1 \| /usr/bin/grep  -lc  \>/dev/null 2\>\&1
configure:12264: $? = 0
configure:12278: result: no
configure:12438: checking dynamic linker characteristics
configure:13020: gcc -o conftest    -Wl,-rpath -Wl,/foo conftest.c  >&5
configure:13020: $? = 0
configure:13262: result: GNU/Linux ld.so
configure:13384: checking how to hardcode library paths into programs
configure:13409: result: immediate
configure:13961: checking whether stripping libraries is possible
configure:13970: result: yes
configure:14012: checking if libtool supports shared libraries
configure:14014: result: yes
configure:14017: checking whether to build shared libraries
configure:14042: result: yes
configure:14045: checking whether to build static libraries
configure:14049: result: yes
configure:14072: checking how to run the C++ preprocessor
configure:14094: g++ -E  conftest.cpp
configure:14094: $? = 0
configure:14109: g++ -E  conftest.cpp
conftest.cpp:23:10: fatal error: ac_nonexistent.h: No such file or directory
   23 | #include <ac_nonexistent.h>
      |          ^~~~~~~~~~~~~~~~~~
compilation terminated.
configure:14109: $? = 1
configure: failed program was:
| /* confdefs.h */
| #define PACKAGE_NAME "libffi"
| #define PACKAGE_TARNAME "libffi"
| #define PACKAGE_VERSION "3.4.3"
| #define PACKAGE_STRING "libffi 3.4.3"
| #define PACKAGE_BUGREPORT "http://github.com/libffi/libffi/issues"
| #define PACKAGE_URL ""
| #define PACKAGE "libffi"
| #define VERSION "3.4.3"
| #define HAVE_STDIO_H 1
| #define HAVE_STDLIB_H 1
| #define HAVE_STRING_H 1
| #define HAVE_INTTYPES_H 1
| #define HAVE_STDINT_H 1
| #define HAVE_STRINGS_H 1
| #define HAVE_SYS_STAT_H 1
| #define HAVE_SYS_TYPES_H 1
| #define HAVE_UNISTD_H 1
| #define STDC_HEADERS 1
| #define HAVE_DLFCN_H 1
| #define LT_OBJDIR ".libs/"
| /* end confdefs.h.  */
| #include <ac_nonexistent.h>
configure:14136: result: g++ -E
configure:14150: g++ -E  conftest.cpp
configure:14150: $? = 0
configure:14165: g++ -E  conftest.cpp
conftest.cpp:23:10: fatal error: ac_nonexistent.h: No such file or directory
   23 | #include <ac_nonexistent.h>
      |          ^~~~~~~~~~~~~~~~~~
compilation terminated.
configure:14165: $? = 1
configure: failed program was:
| /* confdefs.h */
| #define PACKAGE_NAME "libffi"
| #define PACKAGE_TARNAME "libffi"
| #define PACKAGE_VERSION "3.4.3"
| #define PACKAGE_STRING "libffi 3.4.3"
| #define PACKAGE_BUGREPORT "http://github.com/libffi/libffi/issues"
| #define PACKAGE_URL ""
| #define PACKAGE "libffi"
| #define VERSION "3.4.3"
| #define HAVE_STDIO_H 1
| #define HAVE_STDLIB_H 1
| #define HAVE_STRING_H 1
| #define HAVE_INTTYPES_H 1
| #define HAVE_STDINT_H 1
| #define HAVE_STRINGS_H 1
| #define HAVE_SYS_STAT_H 1
| #define HAVE_SYS_TYPES_H 1
| #define HAVE_UNISTD_H 1
| #define STDC_HEADERS 1
| #define HAVE_DLFCN_H 1
| #define LT_OBJDIR ".libs/"
| /* end confdefs.h.  */
| #include <ac_nonexistent.h>
configure:14330: checking for ld used by g++
configure:14398: result: /home/linuxbrew/.linuxbrew/bin/ld -m elf_x86_64
configure:14405: checking if the linker (/home/linuxbrew/.linuxbrew/bin/ld -m elf_x86_64) is GNU ld
configure:14421: result: yes
configure:14476: checking whether the g++ linker (/home/linuxbrew/.linuxbrew/bin/ld -m elf_x86_64) supports shared libraries
configure:15554: result: yes
configure:15590: g++ -c -g -O2  conftest.cpp >&5
configure:15593: $? = 0
configure:16074: checking for g++ option to produce PIC
configure:16082: result: -fPIC -DPIC
configure:16090: checking if g++ PIC flag -fPIC -DPIC works
configure:16109: g++ -c -g -O2  -fPIC -DPIC -DPIC conftest.cpp >&5
configure:16113: $? = 0
configure:16126: result: yes
configure:16149: checking if g++ static flag -static works
configure:16178: result: no
configure:16190: checking if g++ supports -c -o file.o
configure:16212: g++ -c -g -O2  -o out/conftest2.o conftest.cpp >&5
configure:16216: $? = 0
configure:16238: result: yes
configure:16243: checking if g++ supports -c -o file.o
configure:16291: result: yes
configure:16321: checking whether the g++ linker (/home/linuxbrew/.linuxbrew/bin/ld -m elf_x86_64) supports shared libraries
configure:16361: result: yes
configure:16503: checking dynamic linker characteristics
configure:17254: result: GNU/Linux ld.so
configure:17319: checking how to hardcode library paths into programs
configure:17344: result: immediate
configure:17455: checking for readelf
configure:17476: found /home/linuxbrew/.linuxbrew/bin/readelf
configure:17487: result: readelf
configure:17515: checking size of size_t
configure:17521: gcc -o conftest    conftest.c  >&5
configure:17521: $? = 0
configure:17521: ./conftest
configure:17521: $? = 0
configure:17536: result: 8
configure:17545: checking for C compiler vendor
configure:17604: gcc -c   conftest.c >&5
conftest.c: In function 'main':
conftest.c:30:7: error: 'thisisanerror' undeclared (first use in this function)
   30 |       thisisanerror;
      |       ^~~~~~~~~~~~~
conftest.c:30:7: note: each undeclared identifier is reported only once for each function it appears in
configure:17604: $? = 1
configure: failed program was:
| /* confdefs.h */
| #define PACKAGE_NAME "libffi"
| #define PACKAGE_TARNAME "libffi"
| #define PACKAGE_VERSION "3.4.3"
| #define PACKAGE_STRING "libffi 3.4.3"
| #define PACKAGE_BUGREPORT "http://github.com/libffi/libffi/issues"
| #define PACKAGE_URL ""
| #define PACKAGE "libffi"
| #define VERSION "3.4.3"
| #define HAVE_STDIO_H 1
| #define HAVE_STDLIB_H 1
| #define HAVE_STRING_H 1
| #define HAVE_INTTYPES_H 1
| #define HAVE_STDINT_H 1
| #define HAVE_STRINGS_H 1
| #define HAVE_SYS_STAT_H 1
| #define HAVE_SYS_TYPES_H 1
| #define HAVE_UNISTD_H 1
| #define STDC_HEADERS 1
| #define HAVE_DLFCN_H 1
| #define LT_OBJDIR ".libs/"
| #define SIZEOF_SIZE_T 8
| /* end confdefs.h.  */
| 
| int
| main (void)
| {
| 
| #if !(defined(__ICC) || defined(__ECC) || defined(__INTEL_COMPILER))
|       thisisanerror;
| #endif
| 
|   ;
|   return 0;
| }
configure:17604: gcc -c   conftest.c >&5
conftest.c: In function 'main':
conftest.c:30:7: error: 'thisisanerror' undeclared (first use in this function)
   30 |       thisisanerror;
      |       ^~~~~~~~~~~~~
conftest.c:30:7: note: each undeclared identifier is reported only once for each function it appears in
configure:17604: $? = 1
configure: failed program was:
| /* confdefs.h */
| #define PACKAGE_NAME "libffi"
| #define PACKAGE_TARNAME "libffi"
| #define PACKAGE_VERSION "3.4.3"
| #define PACKAGE_STRING "libffi 3.4.3"
| #define PACKAGE_BUGREPORT "http://github.com/libffi/libffi/issues"
| #define PACKAGE_URL ""
| #define PACKAGE "libffi"
| #define VERSION "3.4.3"
| #define HAVE_STDIO_H 1
| #define HAVE_STDLIB_H 1
| #define HAVE_STRING_H 1
| #define HAVE_INTTYPES_H 1
| #define HAVE_STDINT_H 1
| #define HAVE_STRINGS_H 1
| #define HAVE_SYS_STAT_H 1
| #define HAVE_SYS_TYPES_H 1
| #define HAVE_UNISTD_H 1
| #define STDC_HEADERS 1
| #define HAVE_DLFCN_H 1
| #define LT_OBJDIR ".libs/"
| #define SIZEOF_SIZE_T 8
| /* end confdefs.h.  */
| 
| int
| main (void)
| {
| 
| #if !(defined(__xlc__) || defined(__xlC__) || defined(__IBMC__) || defined(__IBMCPP__) || defined(__ibmxl__))
|       thisisanerror;
| #endif
| 
|   ;
|   return 0;
| }
configure:17604: gcc -c   conftest.c >&5
conftest.c: In function 'main':
conftest.c:30:7: error: 'thisisanerror' undeclared (first use in this function)
   30 |       thisisanerror;
      |       ^~~~~~~~~~~~~
conftest.c:30:7: note: each undeclared identifier is reported only once for each function it appears in
configure:17604: $? = 1
configure: failed program was:
| /* confdefs.h */
| #define PACKAGE_NAME "libffi"
| #define PACKAGE_TARNAME "libffi"
| #define PACKAGE_VERSION "3.4.3"
| #define PACKAGE_STRING "libffi 3.4.3"
| #define PACKAGE_BUGREPORT "http://github.com/libffi/libffi/issues"
| #define PACKAGE_URL ""
| #define PACKAGE "libffi"
| #define VERSION "3.4.3"
| #define HAVE_STDIO_H 1
| #define HAVE_STDLIB_H 1
| #define HAVE_STRING_H 1
| #define HAVE_INTTYPES_H 1
| #define HAVE_STDINT_H 1
| #define HAVE_STRINGS_H 1
| #define HAVE_SYS_STAT_H 1
| #define HAVE_SYS_TYPES_H 1
| #define HAVE_UNISTD_H 1
| #define STDC_HEADERS 1
| #define HAVE_DLFCN_H 1
| #define LT_OBJDIR ".libs/"
| #define SIZEOF_SIZE_T 8
| /* end confdefs.h.  */
| 
| int
| main (void)
| {
| 
| #if !(defined(__PATHCC__) || defined(__PATHSCALE__))
|       thisisanerror;
| #endif
| 
|   ;
|   return 0;
| }
configure:17604: gcc -c   conftest.c >&5
conftest.c: In function 'main':
conftest.c:30:7: error: 'thisisanerror' undeclared (first use in this function)
   30 |       thisisanerror;
      |       ^~~~~~~~~~~~~
conftest.c:30:7: note: each undeclared identifier is reported only once for each function it appears in
configure:17604: $? = 1
configure: failed program was:
| /* confdefs.h */
| #define PACKAGE_NAME "libffi"
| #define PACKAGE_TARNAME "libffi"
| #define PACKAGE_VERSION "3.4.3"
| #define PACKAGE_STRING "libffi 3.4.3"
| #define PACKAGE_BUGREPORT "http://github.com/libffi/libffi/issues"
| #define PACKAGE_URL ""
| #define PACKAGE "libffi"
| #define VERSION "3.4.3"
| #define HAVE_STDIO_H 1
| #define HAVE_STDLIB_H 1
| #define HAVE_STRING_H 1
| #define HAVE_INTTYPES_H 1
| #define HAVE_STDINT_H 1
| #define HAVE_STRINGS_H 1
| #define HAVE_SYS_STAT_H 1
| #define HAVE_SYS_TYPES_H 1
| #define HAVE_UNISTD_H 1
| #define STDC_HEADERS 1
| #define HAVE_DLFCN_H 1
| #define LT_OBJDIR ".libs/"
| #define SIZEOF_SIZE_T 8
| /* end confdefs.h.  */
| 
| int
| main (void)
| {
| 
| #if !(defined(__clang__))
|       thisisanerror;
| #endif
| 
|   ;
|   return 0;
| }
configure:17604: gcc -c   conftest.c >&5
conftest.c: In function 'main':
conftest.c:30:7: error: 'thisisanerror' undeclared (first use in this function)
   30 |       thisisanerror;
      |       ^~~~~~~~~~~~~
conftest.c:30:7: note: each undeclared identifier is reported only once for each function it appears in
configure:17604: $? = 1
configure: failed program was:
| /* confdefs.h */
| #define PACKAGE_NAME "libffi"
| #define PACKAGE_TARNAME "libffi"
| #define PACKAGE_VERSION "3.4.3"
| #define PACKAGE_STRING "libffi 3.4.3"
| #define PACKAGE_BUGREPORT "http://github.com/libffi/libffi/issues"
| #define PACKAGE_URL ""
| #define PACKAGE "libffi"
| #define VERSION "3.4.3"
| #define HAVE_STDIO_H 1
| #define HAVE_STDLIB_H 1
| #define HAVE_STRING_H 1
| #define HAVE_INTTYPES_H 1
| #define HAVE_STDINT_H 1
| #define HAVE_STRINGS_H 1
| #define HAVE_SYS_STAT_H 1
| #define HAVE_SYS_TYPES_H 1
| #define HAVE_UNISTD_H 1
| #define STDC_HEADERS 1
| #define HAVE_DLFCN_H 1
| #define LT_OBJDIR ".libs/"
| #define SIZEOF_SIZE_T 8
| /* end confdefs.h.  */
| 
| int
| main (void)
| {
| 
| #if !(defined(_CRAYC))
|       thisisanerror;
| #endif
| 
|   ;
|   return 0;
| }
configure:17604: gcc -c   conftest.c >&5
conftest.c: In function 'main':
conftest.c:30:7: error: 'thisisanerror' undeclared (first use in this function)
   30 |       thisisanerror;
      |       ^~~~~~~~~~~~~
conftest.c:30:7: note: each undeclared identifier is reported only once for each function it appears in
configure:17604: $? = 1
configure: failed program was:
| /* confdefs.h */
| #define PACKAGE_NAME "libffi"
| #define PACKAGE_TARNAME "libffi"
| #define PACKAGE_VERSION "3.4.3"
| #define PACKAGE_STRING "libffi 3.4.3"
| #define PACKAGE_BUGREPORT "http://github.com/libffi/libffi/issues"
| #define PACKAGE_URL ""
| #define PACKAGE "libffi"
| #define VERSION "3.4.3"
| #define HAVE_STDIO_H 1
| #define HAVE_STDLIB_H 1
| #define HAVE_STRING_H 1
| #define HAVE_INTTYPES_H 1
| #define HAVE_STDINT_H 1
| #define HAVE_STRINGS_H 1
| #define HAVE_SYS_STAT_H 1
| #define HAVE_SYS_TYPES_H 1
| #define HAVE_UNISTD_H 1
| #define STDC_HEADERS 1
| #define HAVE_DLFCN_H 1
| #define LT_OBJDIR ".libs/"
| #define SIZEOF_SIZE_T 8
| /* end confdefs.h.  */
| 
| int
| main (void)
| {
| 
| #if !(defined(__FUJITSU))
|       thisisanerror;
| #endif
| 
|   ;
|   return 0;
| }
configure:17604: gcc -c   conftest.c >&5
conftest.c: In function 'main':
conftest.c:30:7: error: 'thisisanerror' undeclared (first use in this function)
   30 |       thisisanerror;
      |       ^~~~~~~~~~~~~
conftest.c:30:7: note: each undeclared identifier is reported only once for each function it appears in
configure:17604: $? = 1
configure: failed program was:
| /* confdefs.h */
| #define PACKAGE_NAME "libffi"
| #define PACKAGE_TARNAME "libffi"
| #define PACKAGE_VERSION "3.4.3"
| #define PACKAGE_STRING "libffi 3.4.3"
| #define PACKAGE_BUGREPORT "http://github.com/libffi/libffi/issues"
| #define PACKAGE_URL ""
| #define PACKAGE "libffi"
| #define VERSION "3.4.3"
| #define HAVE_STDIO_H 1
| #define HAVE_STDLIB_H 1
| #define HAVE_STRING_H 1
| #define HAVE_INTTYPES_H 1
| #define HAVE_STDINT_H 1
| #define HAVE_STRINGS_H 1
| #define HAVE_SYS_STAT_H 1
| #define HAVE_SYS_TYPES_H 1
| #define HAVE_UNISTD_H 1
| #define STDC_HEADERS 1
| #define HAVE_DLFCN_H 1
| #define LT_OBJDIR ".libs/"
| #define SIZEOF_SIZE_T 8
| /* end confdefs.h.  */
| 
| int
| main (void)
| {
| 
| #if !(defined(SDCC) || defined(__SDCC))
|       thisisanerror;
| #endif
| 
|   ;
|   return 0;
| }
configure:17604: gcc -c   conftest.c >&5
conftest.c: In function 'main':
conftest.c:30:7: error: 'thisisanerror' undeclared (first use in this function)
   30 |       thisisanerror;
      |       ^~~~~~~~~~~~~
conftest.c:30:7: note: each undeclared identifier is reported only once for each function it appears in
configure:17604: $? = 1
configure: failed program was:
| /* confdefs.h */
| #define PACKAGE_NAME "libffi"
| #define PACKAGE_TARNAME "libffi"
| #define PACKAGE_VERSION "3.4.3"
| #define PACKAGE_STRING "libffi 3.4.3"
| #define PACKAGE_BUGREPORT "http://github.com/libffi/libffi/issues"
| #define PACKAGE_URL ""
| #define PACKAGE "libffi"
| #define VERSION "3.4.3"
| #define HAVE_STDIO_H 1
| #define HAVE_STDLIB_H 1
| #define HAVE_STRING_H 1
| #define HAVE_INTTYPES_H 1
| #define HAVE_STDINT_H 1
| #define HAVE_STRINGS_H 1
| #define HAVE_SYS_STAT_H 1
| #define HAVE_SYS_TYPES_H 1
| #define HAVE_UNISTD_H 1
| #define STDC_HEADERS 1
| #define HAVE_DLFCN_H 1
| #define LT_OBJDIR ".libs/"
| #define SIZEOF_SIZE_T 8
| /* end confdefs.h.  */
| 
| int
| main (void)
| {
| 
| #if !(defined(_SX))
|       thisisanerror;
| #endif
| 
|   ;
|   return 0;
| }
configure:17604: gcc -c   conftest.c >&5
conftest.c: In function 'main':
conftest.c:30:7: error: 'thisisanerror' undeclared (first use in this function)
   30 |       thisisanerror;
      |       ^~~~~~~~~~~~~
conftest.c:30:7: note: each undeclared identifier is reported only once for each function it appears in
configure:17604: $? = 1
configure: failed program was:
| /* confdefs.h */
| #define PACKAGE_NAME "libffi"
| #define PACKAGE_TARNAME "libffi"
| #define PACKAGE_VERSION "3.4.3"
| #define PACKAGE_STRING "libffi 3.4.3"
| #define PACKAGE_BUGREPORT "http://github.com/libffi/libffi/issues"
| #define PACKAGE_URL ""
| #define PACKAGE "libffi"
| #define VERSION "3.4.3"
| #define HAVE_STDIO_H 1
| #define HAVE_STDLIB_H 1
| #define HAVE_STRING_H 1
| #define HAVE_INTTYPES_H 1
| #define HAVE_STDINT_H 1
| #define HAVE_STRINGS_H 1
| #define HAVE_SYS_STAT_H 1
| #define HAVE_SYS_TYPES_H 1
| #define HAVE_UNISTD_H 1
| #define STDC_HEADERS 1
| #define HAVE_DLFCN_H 1
| #define LT_OBJDIR ".libs/"
| #define SIZEOF_SIZE_T 8
| /* end confdefs.h.  */
| 
| int
| main (void)
| {
| 
| #if !(defined(__NVCOMPILER))
|       thisisanerror;
| #endif
| 
|   ;
|   return 0;
| }
configure:17604: gcc -c   conftest.c >&5
conftest.c: In function 'main':
conftest.c:30:7: error: 'thisisanerror' undeclared (first use in this function)
   30 |       thisisanerror;
      |       ^~~~~~~~~~~~~
conftest.c:30:7: note: each undeclared identifier is reported only once for each function it appears in
configure:17604: $? = 1
configure: failed program was:
| /* confdefs.h */
| #define PACKAGE_NAME "libffi"
| #define PACKAGE_TARNAME "libffi"
| #define PACKAGE_VERSION "3.4.3"
| #define PACKAGE_STRING "libffi 3.4.3"
| #define PACKAGE_BUGREPORT "http://github.com/libffi/libffi/issues"
| #define PACKAGE_URL ""
| #define PACKAGE "libffi"
| #define VERSION "3.4.3"
| #define HAVE_STDIO_H 1
| #define HAVE_STDLIB_H 1
| #define HAVE_STRING_H 1
| #define HAVE_INTTYPES_H 1
| #define HAVE_STDINT_H 1
| #define HAVE_STRINGS_H 1
| #define HAVE_SYS_STAT_H 1
| #define HAVE_SYS_TYPES_H 1
| #define HAVE_UNISTD_H 1
| #define STDC_HEADERS 1
| #define HAVE_DLFCN_H 1
| #define LT_OBJDIR ".libs/"
| #define SIZEOF_SIZE_T 8
| /* end confdefs.h.  */
| 
| int
| main (void)
| {
| 
| #if !(defined(__PGI))
|       thisisanerror;
| #endif
| 
|   ;
|   return 0;
| }
configure:17604: gcc -c   conftest.c >&5
configure:17604: $? = 0
configure:17614: result: gnu
configure:17923: checking whether C compiler accepts -fstrict-aliasing
configure:17943: gcc -c  -O3 -fomit-frame-pointer  -fstrict-aliasing  conftest.c >&5
configure:17943: $? = 0
configure:17952: result: yes
configure:17963: checking whether C compiler accepts -ffast-math
configure:17983: gcc -c  -O3 -fomit-frame-pointer -fstrict-aliasing  -ffast-math  conftest.c >&5
configure:17983: $? = 0
configure:17992: result: yes
configure:18017: checking for gcc architecture flag
configure:18019: result: 
configure:18042: checking for x86 cpuid 0 output
configure:18076: gcc -o conftest  -O3 -fomit-frame-pointer -fstrict-aliasing -ffast-math   conftest.c  >&5
configure:18076: $? = 0
configure:18076: ./conftest
configure:18076: $? = 0
configure:18087: result: 16:756e6547:6c65746e:49656e69
configure:18104: checking for x86 cpuid 1 output
configure:18138: gcc -o conftest  -O3 -fomit-frame-pointer -fstrict-aliasing -ffast-math   conftest.c  >&5
configure:18138: $? = 0
configure:18138: ./conftest
configure:18138: $? = 0
configure:18149: result: 806ea:2100800:7ffafbff:bfebfbff
configure:18360: checking whether C compiler accepts -march=core2
configure:18380: gcc -c  -O3 -fomit-frame-pointer -fstrict-aliasing -ffast-math  -march=core2  conftest.c >&5
configure:18380: $? = 0
configure:18390: result: yes
configure:18412: checking for gcc architecture flag
configure:18414: result: -march=core2
configure:18442: checking whether C compiler accepts  -O3 -fomit-frame-pointer -fstrict-aliasing -ffast-math -march=core2
configure:18462: gcc -c  -O3 -fomit-frame-pointer -fstrict-aliasing -ffast-math -march=core2   -O3 -fomit-frame-pointer -fstrict-aliasing -ffast-math -march=core2  conftest.c >&5
configure:18462: $? = 0
configure:18472: result: yes
configure:18505: checking CFLAGS for most reasonable warnings
configure:18592: : CFLAGS="$CFLAGS"
configure:18595: $? = 0
configure:18618: result: -Wall
configure:18641: checking whether to enable maintainer-specific portions of Makefiles
configure:18651: result: no
configure:18665: checking for sys/memfd.h
configure:18665: gcc -c -Wall  -O3 -fomit-frame-pointer -fstrict-aliasing -ffast-math -march=core2 -fexceptions  conftest.c >&5
conftest.c:52:10: fatal error: sys/memfd.h: No such file or directory
   52 | #include <sys/memfd.h>
      |          ^~~~~~~~~~~~~
compilation terminated.
configure:18665: $? = 1
configure: failed program was:
| /* confdefs.h */
| #define PACKAGE_NAME "libffi"
| #define PACKAGE_TARNAME "libffi"
| #define PACKAGE_VERSION "3.4.3"
| #define PACKAGE_STRING "libffi 3.4.3"
| #define PACKAGE_BUGREPORT "http://github.com/libffi/libffi/issues"
| #define PACKAGE_URL ""
| #define PACKAGE "libffi"
| #define VERSION "3.4.3"
| #define HAVE_STDIO_H 1
| #define HAVE_STDLIB_H 1
| #define HAVE_STRING_H 1
| #define HAVE_INTTYPES_H 1
| #define HAVE_STDINT_H 1
| #define HAVE_STRINGS_H 1
| #define HAVE_SYS_STAT_H 1
| #define HAVE_SYS_TYPES_H 1
| #define HAVE_UNISTD_H 1
| #define STDC_HEADERS 1
| #define HAVE_DLFCN_H 1
| #define LT_OBJDIR ".libs/"
| #define SIZEOF_SIZE_T 8
| /* end confdefs.h.  */
| #include <stddef.h>
| #ifdef HAVE_STDIO_H
| # include <stdio.h>
| #endif
| #ifdef HAVE_STDLIB_H
| # include <stdlib.h>
| #endif
| #ifdef HAVE_STRING_H
| # include <string.h>
| #endif
| #ifdef HAVE_INTTYPES_H
| # include <inttypes.h>
| #endif
| #ifdef HAVE_STDINT_H
| # include <stdint.h>
| #endif
| #ifdef HAVE_STRINGS_H
| # include <strings.h>
| #endif
| #ifdef HAVE_SYS_TYPES_H
| # include <sys/types.h>
| #endif
| #ifdef HAVE_SYS_STAT_H
| # include <sys/stat.h>
| #endif
| #ifdef HAVE_UNISTD_H
| # include <unistd.h>
| #endif
| #include <sys/memfd.h>
configure:18665: result: no
configure:18672: checking for memfd_create
configure:18672: gcc -o conftest -Wall  -O3 -fomit-frame-pointer -fstrict-aliasing -ffast-math -march=core2 -fexceptions   conftest.c  >&5
configure:18672: $? = 0
configure:18672: result: yes
configure:18680: checking for sys/mman.h
configure:18680: gcc -c -Wall  -O3 -fomit-frame-pointer -fstrict-aliasing -ffast-math -march=core2 -fexceptions  conftest.c >&5
configure:18680: $? = 0
configure:18680: result: yes
configure:18687: checking for mmap
configure:18687: gcc -o conftest -Wall  -O3 -fomit-frame-pointer -fstrict-aliasing -ffast-math -march=core2 -fexceptions   conftest.c  >&5
configure:18687: $? = 0
configure:18687: result: yes
configure:18693: checking for mkostemp
configure:18693: gcc -o conftest -Wall  -O3 -fomit-frame-pointer -fstrict-aliasing -ffast-math -march=core2 -fexceptions   conftest.c  >&5
configure:18693: $? = 0
configure:18693: result: yes
configure:18699: checking for mkstemp
configure:18699: gcc -o conftest -Wall  -O3 -fomit-frame-pointer -fstrict-aliasing -ffast-math -march=core2 -fexceptions   conftest.c  >&5
configure:18699: $? = 0
configure:18699: result: yes
configure:18707: checking for sys/mman.h
configure:18707: result: yes
configure:18715: checking for mmap
configure:18715: result: yes
configure:18729: checking whether read-only mmap of a plain file works
configure:18747: result: yes
configure:18749: checking whether mmap from /dev/zero works
configure:18772: result: yes
configure:18776: checking for MAP_ANON(YMOUS)
configure:18800: gcc -c -Wall  -O3 -fomit-frame-pointer -fstrict-aliasing -ffast-math -march=core2 -fexceptions  conftest.c >&5
conftest.c: In function 'main':
conftest.c:40:5: warning: unused variable 'n' [-Wunused-variable]
   40 | int n = MAP_ANONYMOUS;
      |     ^
configure:18800: $? = 0
configure:18808: result: yes
configure:18814: checking whether mmap with MAP_ANON(YMOUS) works
configure:18832: result: yes
configure:18878: checking for egrep
configure:18946: result: /usr/bin/grep -E
configure:18952: checking for memcpy
configure:18952: gcc -o conftest -Wall  -O3 -fomit-frame-pointer -fstrict-aliasing -ffast-math -march=core2 -fexceptions   conftest.c  >&5
conftest.c:48:6: warning: conflicting types for built-in function 'memcpy'; expected 'void *(void *, const void *, long unsigned int)' [-Wbuiltin-declaration-mismatch]
   48 | char memcpy ();
      |      ^~~~~~
conftest.c:40:1: note: 'memcpy' is declared in header '<string.h>'
   39 | #include <limits.h>
   40 | #undef memcpy
configure:18952: $? = 0
configure:18952: result: yes
configure:18959: checking for size_t
configure:18959: gcc -c -Wall  -O3 -fomit-frame-pointer -fstrict-aliasing -ffast-math -march=core2 -fexceptions  conftest.c >&5
configure:18959: $? = 0
configure:18959: gcc -c -Wall  -O3 -fomit-frame-pointer -fstrict-aliasing -ffast-math -march=core2 -fexceptions  conftest.c >&5
conftest.c: In function 'main':
conftest.c:64:21: error: expected expression before ')' token
   64 | if (sizeof ((size_t)))
      |                     ^
configure:18959: $? = 1
configure: failed program was:
| /* confdefs.h */
| #define PACKAGE_NAME "libffi"
| #define PACKAGE_TARNAME "libffi"
| #define PACKAGE_VERSION "3.4.3"
| #define PACKAGE_STRING "libffi 3.4.3"
| #define PACKAGE_BUGREPORT "http://github.com/libffi/libffi/issues"
| #define PACKAGE_URL ""
| #define PACKAGE "libffi"
| #define VERSION "3.4.3"
| #define HAVE_STDIO_H 1
| #define HAVE_STDLIB_H 1
| #define HAVE_STRING_H 1
| #define HAVE_INTTYPES_H 1
| #define HAVE_STDINT_H 1
| #define HAVE_STRINGS_H 1
| #define HAVE_SYS_STAT_H 1
| #define HAVE_SYS_TYPES_H 1
| #define HAVE_UNISTD_H 1
| #define STDC_HEADERS 1
| #define HAVE_DLFCN_H 1
| #define LT_OBJDIR ".libs/"
| #define SIZEOF_SIZE_T 8
| #define HAVE_MEMFD_CREATE 1
| #define HAVE_SYS_MMAN_H 1
| #define HAVE_MMAP 1
| #define HAVE_MKOSTEMP 1
| #define HAVE_MKSTEMP 1
| #define HAVE_MMAP_FILE 1
| #define HAVE_MMAP_DEV_ZERO 1
| #define HAVE_MMAP_ANON 1
| #define HAVE_MEMCPY 1
| /* end confdefs.h.  */
| #include <stddef.h>
| #ifdef HAVE_STDIO_H
| # include <stdio.h>
| #endif
| #ifdef HAVE_STDLIB_H
| # include <stdlib.h>
| #endif
| #ifdef HAVE_STRING_H
| # include <string.h>
| #endif
| #ifdef HAVE_INTTYPES_H
| # include <inttypes.h>
| #endif
| #ifdef HAVE_STDINT_H
| # include <stdint.h>
| #endif
| #ifdef HAVE_STRINGS_H
| # include <strings.h>
| #endif
| #ifdef HAVE_SYS_TYPES_H
| # include <sys/types.h>
| #endif
| #ifdef HAVE_SYS_STAT_H
| # include <sys/stat.h>
| #endif
| #ifdef HAVE_UNISTD_H
| # include <unistd.h>
| #endif
| int
| main (void)
| {
| if (sizeof ((size_t)))
| 	    return 0;
|   ;
|   return 0;
| }
configure:18959: result: yes
configure:18971: checking for working alloca.h
configure:18989: gcc -o conftest -Wall  -O3 -fomit-frame-pointer -fstrict-aliasing -ffast-math -march=core2 -fexceptions   conftest.c  >&5
configure:18989: $? = 0
configure:18998: result: yes
configure:19006: checking for alloca
configure:19051: result: yes
configure:19123: checking size of double
configure:19129: gcc -o conftest -Wall  -O3 -fomit-frame-pointer -fstrict-aliasing -ffast-math -march=core2 -fexceptions   conftest.c  >&5
configure:19129: $? = 0
configure:19129: ./conftest
configure:19129: $? = 0
configure:19144: result: 8
configure:19156: checking size of long double
configure:19162: gcc -o conftest -Wall  -O3 -fomit-frame-pointer -fstrict-aliasing -ffast-math -march=core2 -fexceptions   conftest.c  >&5
configure:19162: $? = 0
configure:19162: ./conftest
configure:19162: $? = 0
configure:19177: result: 16
configure:19208: checking whether byte ordering is bigendian
configure:19224: gcc -c -Wall  -O3 -fomit-frame-pointer -fstrict-aliasing -ffast-math -march=core2 -fexceptions  conftest.c >&5
conftest.c:39:16: error: unknown type name 'not'
   39 |                not a universal capable compiler
      |                ^~~
conftest.c:39:22: error: expected '=', ',', ';', 'asm' or '__attribute__' before 'universal'
   39 |                not a universal capable compiler
      |                      ^~~~~~~~~
conftest.c:39:22: error: unknown type name 'universal'
configure:19224: $? = 1
configure: failed program was:
| /* confdefs.h */
| #define PACKAGE_NAME "libffi"
| #define PACKAGE_TARNAME "libffi"
| #define PACKAGE_VERSION "3.4.3"
| #define PACKAGE_STRING "libffi 3.4.3"
| #define PACKAGE_BUGREPORT "http://github.com/libffi/libffi/issues"
| #define PACKAGE_URL ""
| #define PACKAGE "libffi"
| #define VERSION "3.4.3"
| #define HAVE_STDIO_H 1
| #define HAVE_STDLIB_H 1
| #define HAVE_STRING_H 1
| #define HAVE_INTTYPES_H 1
| #define HAVE_STDINT_H 1
| #define HAVE_STRINGS_H 1
| #define HAVE_SYS_STAT_H 1
| #define HAVE_SYS_TYPES_H 1
| #define HAVE_UNISTD_H 1
| #define STDC_HEADERS 1
| #define HAVE_DLFCN_H 1
| #define LT_OBJDIR ".libs/"
| #define SIZEOF_SIZE_T 8
| #define HAVE_MEMFD_CREATE 1
| #define HAVE_SYS_MMAN_H 1
| #define HAVE_MMAP 1
| #define HAVE_MKOSTEMP 1
| #define HAVE_MKSTEMP 1
| #define HAVE_MMAP_FILE 1
| #define HAVE_MMAP_DEV_ZERO 1
| #define HAVE_MMAP_ANON 1
| #define HAVE_MEMCPY 1
| #define HAVE_ALLOCA_H 1
| #define HAVE_ALLOCA 1
| #define SIZEOF_DOUBLE 8
| #define SIZEOF_LONG_DOUBLE 16
| #define HAVE_LONG_DOUBLE 1
| /* end confdefs.h.  */
| #ifndef __APPLE_CC__
| 	       not a universal capable compiler
| 	     #endif
| 	     typedef int dummy;
| 
configure:19270: gcc -c -Wall  -O3 -fomit-frame-pointer -fstrict-aliasing -ffast-math -march=core2 -fexceptions  conftest.c >&5
configure:19270: $? = 0
configure:19289: gcc -c -Wall  -O3 -fomit-frame-pointer -fstrict-aliasing -ffast-math -march=core2 -fexceptions  conftest.c >&5
conftest.c: In function 'main':
conftest.c:45:18: error: unknown type name 'not'; did you mean 'ino_t'?
   45 |                  not big endian
      |                  ^~~
      |                  ino_t
conftest.c:45:26: error: expected '=', ',', ';', 'asm' or '__attribute__' before 'endian'
   45 |                  not big endian
      |                          ^~~~~~
configure:19289: $? = 1
configure: failed program was:
| /* confdefs.h */
| #define PACKAGE_NAME "libffi"
| #define PACKAGE_TARNAME "libffi"
| #define PACKAGE_VERSION "3.4.3"
| #define PACKAGE_STRING "libffi 3.4.3"
| #define PACKAGE_BUGREPORT "http://github.com/libffi/libffi/issues"
| #define PACKAGE_URL ""
| #define PACKAGE "libffi"
| #define VERSION "3.4.3"
| #define HAVE_STDIO_H 1
| #define HAVE_STDLIB_H 1
| #define HAVE_STRING_H 1
| #define HAVE_INTTYPES_H 1
| #define HAVE_STDINT_H 1
| #define HAVE_STRINGS_H 1
| #define HAVE_SYS_STAT_H 1
| #define HAVE_SYS_TYPES_H 1
| #define HAVE_UNISTD_H 1
| #define STDC_HEADERS 1
| #define HAVE_DLFCN_H 1
| #define LT_OBJDIR ".libs/"
| #define SIZEOF_SIZE_T 8
| #define HAVE_MEMFD_CREATE 1
| #define HAVE_SYS_MMAN_H 1
| #define HAVE_MMAP 1
| #define HAVE_MKOSTEMP 1
| #define HAVE_MKSTEMP 1
| #define HAVE_MMAP_FILE 1
| #define HAVE_MMAP_DEV_ZERO 1
| #define HAVE_MMAP_ANON 1
| #define HAVE_MEMCPY 1
| #define HAVE_ALLOCA_H 1
| #define HAVE_ALLOCA 1
| #define SIZEOF_DOUBLE 8
| #define SIZEOF_LONG_DOUBLE 16
| #define HAVE_LONG_DOUBLE 1
| /* end confdefs.h.  */
| #include <sys/types.h>
| 		#include <sys/param.h>
| 
| int
| main (void)
| {
| #if BYTE_ORDER != BIG_ENDIAN
| 		 not big endian
| 		#endif
| 
|   ;
|   return 0;
| }
configure:19423: result: no
configure:19442: checking compiler generates .cfi pseudo-ops
configure:19458: result: yes
configure:19548: checking assembler supports pc related relocs
configure:19562: result: yes
configure:19598: checking whether compiler supports pointer authentication
configure:19627: gcc -c -Wall  -O3 -fomit-frame-pointer -fstrict-aliasing -ffast-math -march=core2 -fexceptions  conftest.c >&5
conftest.c: In function 'main':
conftest.c:52:3: error: #error Pointer authentication not supported
   52 | # error Pointer authentication not supported
      |   ^~~~~
configure:19627: $? = 1
configure: failed program was:
| /* confdefs.h */
| #define PACKAGE_NAME "libffi"
| #define PACKAGE_TARNAME "libffi"
| #define PACKAGE_VERSION "3.4.3"
| #define PACKAGE_STRING "libffi 3.4.3"
| #define PACKAGE_BUGREPORT "http://github.com/libffi/libffi/issues"
| #define PACKAGE_URL ""
| #define PACKAGE "libffi"
| #define VERSION "3.4.3"
| #define HAVE_STDIO_H 1
| #define HAVE_STDLIB_H 1
| #define HAVE_STRING_H 1
| #define HAVE_INTTYPES_H 1
| #define HAVE_STDINT_H 1
| #define HAVE_STRINGS_H 1
| #define HAVE_SYS_STAT_H 1
| #define HAVE_SYS_TYPES_H 1
| #define HAVE_UNISTD_H 1
| #define STDC_HEADERS 1
| #define HAVE_DLFCN_H 1
| #define LT_OBJDIR ".libs/"
| #define SIZEOF_SIZE_T 8
| #define HAVE_MEMFD_CREATE 1
| #define HAVE_SYS_MMAN_H 1
| #define HAVE_MMAP 1
| #define HAVE_MKOSTEMP 1
| #define HAVE_MKSTEMP 1
| #define HAVE_MMAP_FILE 1
| #define HAVE_MMAP_DEV_ZERO 1
| #define HAVE_MMAP_ANON 1
| #define HAVE_MEMCPY 1
| #define HAVE_ALLOCA_H 1
| #define HAVE_ALLOCA 1
| #define SIZEOF_DOUBLE 8
| #define SIZEOF_LONG_DOUBLE 16
| #define HAVE_LONG_DOUBLE 1
| #define HAVE_AS_CFI_PSEUDO_OP 1
| #define HAVE_AS_X86_PCREL 1
| /* end confdefs.h.  */
| 
| int
| main (void)
| {
| 
| #ifdef __clang__
| # if __has_feature(ptrauth_calls)
| #  define HAVE_PTRAUTH 1
| # endif
| #endif
| 
| #ifndef HAVE_PTRAUTH
| # error Pointer authentication not supported
| #endif
| 
|   ;
|   return 0;
| }
configure:19636: result: no
configure:19662: checking for _ prefix in compiled symbols
configure:19673: gcc -c -Wall  -O3 -fomit-frame-pointer -fstrict-aliasing -ffast-math -march=core2 -fexceptions  conftest.c >&5
conftest.c: In function 'main':
conftest.c:2:12: warning: statement with no effect [-Wunused-value]
    2 | int main(){nm_test_func;return 0;}
      |            ^~~~~~~~~~~~
configure:19676: $? = 0
configure:19680: /home/linuxbrew/.linuxbrew/bin/nm -B conftest.o \| /usr/bin/sed -n -e 's/^.*[	 ]\([ABCDGIRSTW][ABCDGIRSTW]*\)[	 ][	 ]*\([_A-Za-z][_A-Za-z0-9]*\)$/\1 \2 \2/p' | /usr/bin/sed '/ __gnu_lto/d' \> conftest.nm
configure:19683: $? = 0
configure:19705: result: no
configure:19741: checking toolchain supports unwind section type
configure:19771: result: yes
configure:19781: checking whether C compiler accepts -fno-lto
configure:19801: gcc -c -Wall  -O3 -fomit-frame-pointer -fstrict-aliasing -ffast-math -march=core2 -fexceptions  -fno-lto  conftest.c >&5
configure:19801: $? = 0
configure:19810: result: yes
configure:19820: checking whether .eh_frame section should be read-only
configure:19837: result: yes
configure:19852: checking for __attribute__((visibility("hidden")))
configure:19862: gcc -Werror -S conftest.c -o conftest.s 1>&5
configure:19865: $? = 0
configure:19874: result: yes
configure:20211: checking for shared libgcc
configure:20226: gcc -o conftest  -lgcc_s   conftest.c  >&5
configure:20226: $? = 0
configure:20266: result: yes
configure:20352: versioning on shared library symbols is gnu
configure:20465: checking that generated files are newer than configure
configure:20471: result: done
configure:20539: creating ./config.status

## ---------------------- ##
## Running config.status. ##
## ---------------------- ##

This file was extended by libffi config.status 3.4.3, which was
generated by GNU Autoconf 2.71.  Invocation command line was

  CONFIG_FILES    = 
  CONFIG_HEADERS  = 
  CONFIG_LINKS    = 
  CONFIG_COMMANDS = 
  $ ./config.status 

on velotermaitor

config.status:1230: creating include/Makefile
config.status:1230: creating include/ffi.h
config.status:1230: creating Makefile
config.status:1230: creating testsuite/Makefile
config.status:1230: creating man/Makefile
config.status:1230: creating doc/Makefile
config.status:1230: creating libffi.pc
config.status:1230: creating fficonfig.h
config.status:1444: executing buildir commands
config.status:1474: create top_srcdir/Makefile guessed from local Makefile
config.status:1589: build in x86_64-pc-linux-gnu (HOST=)
config.status:1444: executing depfiles commands
config.status:1665: cd .       && sed -e '/# am--include-marker/d' Makefile         | make -f - am--depfiles
config.status:1670: $? = 0
config.status:1444: executing libtool commands
config.status:1444: executing include commands
config.status:1444: executing src commands

## ---------------- ##
## Cache variables. ##
## ---------------- ##

ac_cv_build=x86_64-pc-linux-gnu
ac_cv_c_bigendian=no
ac_cv_c_compiler_gnu=yes
ac_cv_cflags_warn_all=-Wall
ac_cv_cxx_compiler_gnu=yes
ac_cv_decl_map_anon=yes
ac_cv_env_CCASFLAGS_set=
ac_cv_env_CCASFLAGS_value=
ac_cv_env_CCAS_set=
ac_cv_env_CCAS_value=
ac_cv_env_CPPFLAGS_set=
ac_cv_env_CPPFLAGS_value=
ac_cv_env_CXXCPP_set=
ac_cv_env_CXXCPP_value=
ac_cv_env_LT_SYS_LIBRARY_PATH_set=
ac_cv_env_LT_SYS_LIBRARY_PATH_value=
ac_cv_env_build_alias_set=
ac_cv_env_build_alias_value=
ac_cv_env_host_alias_set=
ac_cv_env_host_alias_value=
ac_cv_env_target_alias_set=
ac_cv_env_target_alias_value=
ac_cv_func_alloca_works=yes
ac_cv_func_memcpy=yes
ac_cv_func_memfd_create=yes
ac_cv_func_mkostemp=yes
ac_cv_func_mkstemp=yes
ac_cv_func_mmap=yes
ac_cv_func_mmap_anon=yes
ac_cv_func_mmap_dev_zero=yes
ac_cv_func_mmap_file=yes
ac_cv_header_dlfcn_h=yes
ac_cv_header_inttypes_h=yes
ac_cv_header_stdint_h=yes
ac_cv_header_stdio_h=yes
ac_cv_header_stdlib_h=yes
ac_cv_header_string_h=yes
ac_cv_header_strings_h=yes
ac_cv_header_sys_memfd_h=no
ac_cv_header_sys_mman_h=yes
ac_cv_header_sys_stat_h=yes
ac_cv_header_sys_types_h=yes
ac_cv_header_unistd_h=yes
ac_cv_host=x86_64-pc-linux-gnu
ac_cv_objext=o
ac_cv_path_EGREP='/usr/bin/grep -E'
ac_cv_path_FGREP='/usr/bin/grep -F'
ac_cv_path_GREP=/usr/bin/grep
ac_cv_path_SED=/usr/bin/sed
ac_cv_path_ax_enable_builddir_sed=sed
ac_cv_path_install='/home/linuxbrew/.linuxbrew/bin/ginstall -c'
ac_cv_path_lt_DD=/usr/bin/dd
ac_cv_path_mkdir=/home/linuxbrew/.linuxbrew/bin/gmkdir
ac_cv_prog_AWK=gawk
ac_cv_prog_CXXCPP='g++ -E'
ac_cv_prog_ac_ct_AR=ar
ac_cv_prog_ac_ct_CC=gcc
ac_cv_prog_ac_ct_CXX=g++
ac_cv_prog_ac_ct_DLLTOOL=dlltool
ac_cv_prog_ac_ct_FILECMD=file
ac_cv_prog_ac_ct_OBJDUMP=objdump
ac_cv_prog_ac_ct_RANLIB=ranlib
ac_cv_prog_ac_ct_READELF=readelf
ac_cv_prog_ac_ct_STRIP=strip
ac_cv_prog_cc_c11=
ac_cv_prog_cc_g=yes
ac_cv_prog_cc_stdc=
ac_cv_prog_cxx_11=no
ac_cv_prog_cxx_cxx11=
ac_cv_prog_cxx_g=yes
ac_cv_prog_cxx_stdcxx=
ac_cv_prog_make_make_set=yes
ac_cv_sizeof_double=8
ac_cv_sizeof_long_double=16
ac_cv_sizeof_size_t=8
ac_cv_target=x86_64-pc-linux-gnu
ac_cv_type_size_t=yes
ac_cv_working_alloca_h=yes
am_cv_CCAS_dependencies_compiler_type=gcc3
am_cv_CC_dependencies_compiler_type=gcc3
am_cv_CXX_dependencies_compiler_type=gcc3
am_cv_make_support_nested_variables=yes
am_cv_prog_cc_c_o=yes
ax_cv_c_compiler_vendor=gnu
ax_cv_check_cflags____O3__fomit_frame_pointer__fstrict_aliasing__ffast_math__march_core2=yes
ax_cv_check_cflags___ffast_math=yes
ax_cv_check_cflags___fno_lto=yes
ax_cv_check_cflags___fstrict_aliasing=yes
ax_cv_check_cflags___march_core2=yes
ax_cv_gcc_archflag=-march=core2
ax_cv_gcc_x86_cpuid_0=16:756e6547:6c65746e:49656e69
ax_cv_gcc_x86_cpuid_1=806ea:2100800:7ffafbff:bfebfbff
gcc_cv_cc_cfi_pseudo_op=yes
libffi_cv_as_ptrauth=no
libffi_cv_as_x86_64_unwind_section_type=yes
libffi_cv_as_x86_pcrel=yes
libffi_cv_hidden_visibility_attribute=yes
libffi_cv_no_lto=-fno-lto
libffi_cv_ro_eh_frame=yes
lt_cv_ar_at_file=@
lt_cv_archive_cmds_need_lc=no
lt_cv_deplibs_check_method=pass_all
lt_cv_file_magic_cmd='$MAGIC_CMD'
lt_cv_file_magic_test_file=
lt_cv_ld_reload_flag=-r
lt_cv_nm_interface='BSD nm'
lt_cv_objdir=.libs
lt_cv_path_LD=/home/linuxbrew/.linuxbrew/bin/ld
lt_cv_path_LDCXX='/home/linuxbrew/.linuxbrew/bin/ld -m elf_x86_64'
lt_cv_path_NM='/home/linuxbrew/.linuxbrew/bin/nm -B'
lt_cv_path_mainfest_tool=no
lt_cv_prog_compiler_c_o=yes
lt_cv_prog_compiler_c_o_CXX=yes
lt_cv_prog_compiler_pic='-fPIC -DPIC'
lt_cv_prog_compiler_pic_CXX='-fPIC -DPIC'
lt_cv_prog_compiler_pic_works=yes
lt_cv_prog_compiler_pic_works_CXX=yes
lt_cv_prog_compiler_rtti_exceptions=no
lt_cv_prog_compiler_static_works=no
lt_cv_prog_compiler_static_works_CXX=no
lt_cv_prog_gnu_ld=yes
lt_cv_prog_gnu_ldcxx=yes
lt_cv_sharedlib_from_linklib_cmd='printf %s\n'
lt_cv_shlibpath_overrides_runpath=no
lt_cv_sys_global_symbol_pipe='/usr/bin/sed -n -e '\''s/^.*[	 ]\([ABCDGIRSTW][ABCDGIRSTW]*\)[	 ][	 ]*\([_A-Za-z][_A-Za-z0-9]*\)$/\1 \2 \2/p'\'' | /usr/bin/sed '\''/ __gnu_lto/d'\'''
lt_cv_sys_global_symbol_to_c_name_address='/usr/bin/sed -n -e '\''s/^: \(.*\) .*$/  {"\1", (void *) 0},/p'\'' -e '\''s/^[ABCDGIRSTW][ABCDGIRSTW]* .* \(.*\)$/  {"\1", (void *) \&\1},/p'\'''
lt_cv_sys_global_symbol_to_c_name_address_lib_prefix='/usr/bin/sed -n -e '\''s/^: \(.*\) .*$/  {"\1", (void *) 0},/p'\'' -e '\''s/^[ABCDGIRSTW][ABCDGIRSTW]* .* \(lib.*\)$/  {"\1", (void *) \&\1},/p'\'' -e '\''s/^[ABCDGIRSTW][ABCDGIRSTW]* .* \(.*\)$/  {"lib\1", (void *) \&\1},/p'\'''
lt_cv_sys_global_symbol_to_cdecl='/usr/bin/sed -n -e '\''s/^T .* \(.*\)$/extern int \1();/p'\'' -e '\''s/^[ABCDGIRSTW][ABCDGIRSTW]* .* \(.*\)$/extern char \1;/p'\'''
lt_cv_sys_global_symbol_to_import=
lt_cv_sys_max_cmd_len=1572864
lt_cv_sys_symbol_underscore=no
lt_cv_to_host_file_cmd=func_convert_file_noop
lt_cv_to_tool_file_cmd=func_convert_file_noop
lt_cv_truncate_bin='/usr/bin/dd bs=4096 count=1'

## ----------------- ##
## Output variables. ##
## ----------------- ##

ACLOCAL='${SHELL} '\''/home/zeus/_/software/guake/libffi-3.4.3/missing'\'' aclocal-1.16'
ALLOCA=''
AMDEPBACKSLASH='\'
AMDEP_FALSE='#'
AMDEP_TRUE=''
AMTAR='$${TAR-tar}'
AM_BACKSLASH='\'
AM_DEFAULT_V='$(AM_DEFAULT_VERBOSITY)'
AM_DEFAULT_VERBOSITY='1'
AM_LTLDFLAGS=''
AM_RUNTESTFLAGS=''
AM_V='$(V)'
AR='ar'
AUTOCONF='${SHELL} '\''/home/zeus/_/software/guake/libffi-3.4.3/missing'\'' autoconf'
AUTOHEADER='${SHELL} '\''/home/zeus/_/software/guake/libffi-3.4.3/missing'\'' autoheader'
AUTOMAKE='${SHELL} '\''/home/zeus/_/software/guake/libffi-3.4.3/missing'\'' automake-1.16'
AWK='gawk'
BUILD_DOCS_FALSE='#'
BUILD_DOCS_TRUE=''
CC='gcc'
CCAS='gcc'
CCASDEPMODE='depmode=gcc3'
CCASFLAGS=''
CCDEPMODE='depmode=gcc3'
CFLAGS='-Wall  -O3 -fomit-frame-pointer -fstrict-aliasing -ffast-math -march=core2 -fexceptions'
CPPFLAGS=''
CSCOPE='cscope'
CTAGS='ctags'
CXX='g++'
CXXCPP='g++ -E'
CXXDEPMODE='depmode=gcc3'
CXXFLAGS='-g -O2'
CYGPATH_W='echo'
DEFS='-DHAVE_CONFIG_H'
DEPDIR='.deps'
DLLTOOL='dlltool'
DSYMUTIL=''
DUMPBIN=''
ECHO_C=''
ECHO_N='-n'
ECHO_T=''
EGREP='/usr/bin/grep -E'
ETAGS='etags'
EXEEXT=''
FFI_DEBUG_FALSE=''
FFI_DEBUG_TRUE='#'
FFI_EXEC_TRAMPOLINE_TABLE='0'
FFI_EXEC_TRAMPOLINE_TABLE_FALSE=''
FFI_EXEC_TRAMPOLINE_TABLE_TRUE='#'
FGREP='/usr/bin/grep -F'
FILECMD='file'
GREP='/usr/bin/grep'
HAVE_LONG_DOUBLE='1'
HAVE_LONG_DOUBLE_VARIANT='0'
INSTALL_DATA='${INSTALL} -m 644'
INSTALL_PROGRAM='${INSTALL}'
INSTALL_SCRIPT='${INSTALL}'
INSTALL_STRIP_PROGRAM='$(install_sh) -c -s'
LD='/home/linuxbrew/.linuxbrew/bin/ld -m elf_x86_64'
LDFLAGS=''
LIBFFI_BUILD_VERSIONED_SHLIB_FALSE='#'
LIBFFI_BUILD_VERSIONED_SHLIB_GNU_FALSE='#'
LIBFFI_BUILD_VERSIONED_SHLIB_GNU_TRUE=''
LIBFFI_BUILD_VERSIONED_SHLIB_SUN_FALSE=''
LIBFFI_BUILD_VERSIONED_SHLIB_SUN_TRUE='#'
LIBFFI_BUILD_VERSIONED_SHLIB_TRUE=''
LIBOBJS=''
LIBS=''
LIBTOOL='$(SHELL) $(top_builddir)/libtool'
LIPO=''
LN_S='ln -s'
LTLIBOBJS=''
LT_SYS_LIBRARY_PATH=''
MAINT='#'
MAINTAINER_MODE_FALSE=''
MAINTAINER_MODE_TRUE='#'
MAKEINFO='${SHELL} '\''/home/zeus/_/software/guake/libffi-3.4.3/missing'\'' makeinfo'
MANIFEST_TOOL=':'
MKDIR_P='/home/linuxbrew/.linuxbrew/bin/gmkdir -p'
NM='/home/linuxbrew/.linuxbrew/bin/nm -B'
NMEDIT=''
OBJDUMP='objdump'
OBJEXT='o'
OPT_LDFLAGS='-Wl,-O1 '
OTOOL64=''
OTOOL=''
PACKAGE='libffi'
PACKAGE_BUGREPORT='http://github.com/libffi/libffi/issues'
PACKAGE_NAME='libffi'
PACKAGE_STRING='libffi 3.4.3'
PACKAGE_TARNAME='libffi'
PACKAGE_URL=''
PACKAGE_VERSION='3.4.3'
PATH_SEPARATOR=':'
PRTDIAG=''
RANLIB='ranlib'
READELF='readelf'
SECTION_LDFLAGS=''
SED='/usr/bin/sed'
SET_MAKE=''
SHELL='/bin/sh'
STRIP='strip'
TARGET='X86_64'
TARGETDIR='x86'
TARGET_OBJ=' src/x86/ffi64.lo src/x86/unix64.lo src/x86/ffiw64.lo src/x86/win64.lo'
TESTSUBDIR_FALSE='#'
TESTSUBDIR_TRUE=''
VERSION='3.4.3'
ac_ct_AR='ar'
ac_ct_CC='gcc'
ac_ct_CXX='g++'
ac_ct_DUMPBIN=''
am__EXEEXT_FALSE=''
am__EXEEXT_TRUE='#'
am__fastdepCCAS_FALSE='#'
am__fastdepCCAS_TRUE=''
am__fastdepCC_FALSE='#'
am__fastdepCC_TRUE=''
am__fastdepCXX_FALSE='#'
am__fastdepCXX_TRUE=''
am__include='include'
am__isrc=' -I$(srcdir)'
am__leading_dot='.'
am__nodep='_no'
am__quote=''
am__tar='$${TAR-tar} chof - "$$tardir"'
am__untar='$${TAR-tar} xf -'
ax_enable_builddir_sed='sed'
bindir='${exec_prefix}/bin'
build='x86_64-pc-linux-gnu'
build_alias=''
build_cpu='x86_64'
build_os='linux-gnu'
build_vendor='pc'
datadir='${datarootdir}'
datarootdir='${prefix}/share'
docdir='${datarootdir}/doc/${PACKAGE_TARNAME}'
dvidir='${docdir}'
exec_prefix='${prefix}'
host='x86_64-pc-linux-gnu'
host_alias=''
host_cpu='x86_64'
host_os='linux-gnu'
host_vendor='pc'
htmldir='${docdir}'
includedir='${prefix}/include'
infodir='${datarootdir}/info'
install_sh='${SHELL} /home/zeus/_/software/guake/libffi-3.4.3/install-sh'
libdir='${exec_prefix}/lib'
libexecdir='${exec_prefix}/libexec'
localedir='${datarootdir}/locale'
localstatedir='${prefix}/var'
mandir='${datarootdir}/man'
mkdir_p='$(MKDIR_P)'
oldincludedir='/usr/include'
pdfdir='${docdir}'
prefix='/usr/local/libffi/3_4_3'
program_transform_name='s,x,x,'
psdir='${docdir}'
runstatedir='${localstatedir}/run'
sbindir='${exec_prefix}/sbin'
sharedstatedir='${prefix}/com'
sys_symbol_underscore='no'
sysconfdir='${prefix}/etc'
target='x86_64-pc-linux-gnu'
target_alias=''
target_cpu='x86_64'
target_os='linux-gnu'
target_vendor='pc'
tmake_file=''
toolexecdir='${libdir}/gcc-lib/$(target_alias)'
toolexeclibdir='${libdir}/../lib64'

## ----------- ##
## confdefs.h. ##
## ----------- ##

/* confdefs.h */
#define PACKAGE_NAME "libffi"
#define PACKAGE_TARNAME "libffi"
#define PACKAGE_VERSION "3.4.3"
#define PACKAGE_STRING "libffi 3.4.3"
#define PACKAGE_BUGREPORT "http://github.com/libffi/libffi/issues"
#define PACKAGE_URL ""
#define PACKAGE "libffi"
#define VERSION "3.4.3"
#define HAVE_STDIO_H 1
#define HAVE_STDLIB_H 1
#define HAVE_STRING_H 1
#define HAVE_INTTYPES_H 1
#define HAVE_STDINT_H 1
#define HAVE_STRINGS_H 1
#define HAVE_SYS_STAT_H 1
#define HAVE_SYS_TYPES_H 1
#define HAVE_UNISTD_H 1
#define STDC_HEADERS 1
#define HAVE_DLFCN_H 1
#define LT_OBJDIR ".libs/"
#define SIZEOF_SIZE_T 8
#define HAVE_MEMFD_CREATE 1
#define HAVE_SYS_MMAN_H 1
#define HAVE_MMAP 1
#define HAVE_MKOSTEMP 1
#define HAVE_MKSTEMP 1
#define HAVE_MMAP_FILE 1
#define HAVE_MMAP_DEV_ZERO 1
#define HAVE_MMAP_ANON 1
#define HAVE_MEMCPY 1
#define HAVE_ALLOCA_H 1
#define HAVE_ALLOCA 1
#define SIZEOF_DOUBLE 8
#define SIZEOF_LONG_DOUBLE 16
#define HAVE_LONG_DOUBLE 1
#define HAVE_AS_CFI_PSEUDO_OP 1
#define HAVE_AS_X86_PCREL 1
#define HAVE_AS_X86_64_UNWIND_SECTION_TYPE 1
#define HAVE_RO_EH_FRAME 1
#define EH_FRAME_FLAGS "a"
#define HAVE_HIDDEN_VISIBILITY_ATTRIBUTE 1
#define FFI_EXEC_STATIC_TRAMP 1
#define LIBFFI_GNU_SYMBOL_VERSIONING 1

configure: exit 0

## ---------------- ##
## Cache variables. ##
## ---------------- ##

ac_cv_build=x86_64-pc-linux-gnu
ac_cv_env_CCASFLAGS_set=
ac_cv_env_CCASFLAGS_value=
ac_cv_env_CCAS_set=
ac_cv_env_CCAS_value=
ac_cv_env_CPPFLAGS_set=
ac_cv_env_CPPFLAGS_value=
ac_cv_env_CXXCPP_set=
ac_cv_env_CXXCPP_value=
ac_cv_env_LT_SYS_LIBRARY_PATH_set=
ac_cv_env_LT_SYS_LIBRARY_PATH_value=
ac_cv_env_build_alias_set=
ac_cv_env_build_alias_value=
ac_cv_env_host_alias_set=
ac_cv_env_host_alias_value=
ac_cv_env_target_alias_set=
ac_cv_env_target_alias_value=
ac_cv_host=x86_64-pc-linux-gnu
ac_cv_target=x86_64-pc-linux-gnu

## ----------------- ##
## Output variables. ##
## ----------------- ##

ACLOCAL=''
ALLOCA=''
AMDEPBACKSLASH=''
AMDEP_FALSE=''
AMDEP_TRUE=''
AMTAR=''
AM_BACKSLASH=''
AM_DEFAULT_V=''
AM_DEFAULT_VERBOSITY=''
AM_LTLDFLAGS=''
AM_RUNTESTFLAGS=''
AM_V=''
AR=''
AUTOCONF=''
AUTOHEADER=''
AUTOMAKE=''
AWK=''
BUILD_DOCS_FALSE=''
BUILD_DOCS_TRUE=''
CC=''
CCAS=''
CCASDEPMODE=''
CCASFLAGS=''
CCDEPMODE=''
CFLAGS=''
CPPFLAGS=''
CSCOPE=''
CTAGS=''
CXX=''
CXXCPP=''
CXXDEPMODE=''
CXXFLAGS=''
CYGPATH_W=''
DEFS=''
DEPDIR=''
DLLTOOL=''
DSYMUTIL=''
DUMPBIN=''
ECHO_C=''
ECHO_N='-n'
ECHO_T=''
EGREP=''
ETAGS=''
EXEEXT=''
FFI_DEBUG_FALSE=''
FFI_DEBUG_TRUE=''
FFI_EXEC_TRAMPOLINE_TABLE=''
FFI_EXEC_TRAMPOLINE_TABLE_FALSE=''
FFI_EXEC_TRAMPOLINE_TABLE_TRUE=''
FGREP=''
FILECMD=''
GREP=''
HAVE_LONG_DOUBLE=''
HAVE_LONG_DOUBLE_VARIANT=''
INSTALL_DATA=''
INSTALL_PROGRAM=''
INSTALL_SCRIPT=''
INSTALL_STRIP_PROGRAM=''
LD=''
LDFLAGS=''
LIBFFI_BUILD_VERSIONED_SHLIB_FALSE=''
LIBFFI_BUILD_VERSIONED_SHLIB_GNU_FALSE=''
LIBFFI_BUILD_VERSIONED_SHLIB_GNU_TRUE=''
LIBFFI_BUILD_VERSIONED_SHLIB_SUN_FALSE=''
LIBFFI_BUILD_VERSIONED_SHLIB_SUN_TRUE=''
LIBFFI_BUILD_VERSIONED_SHLIB_TRUE=''
LIBOBJS=''
LIBS=''
LIBTOOL=''
LIPO=''
LN_S=''
LTLIBOBJS=''
LT_SYS_LIBRARY_PATH=''
MAINT=''
MAINTAINER_MODE_FALSE=''
MAINTAINER_MODE_TRUE=''
MAKEINFO=''
MANIFEST_TOOL=''
MKDIR_P=''
NM=''
NMEDIT=''
OBJDUMP=''
OBJEXT=''
OPT_LDFLAGS=''
OTOOL64=''
OTOOL=''
PACKAGE=''
PACKAGE_BUGREPORT='http://github.com/libffi/libffi/issues'
PACKAGE_NAME='libffi'
PACKAGE_STRING='libffi 3.4.3'
PACKAGE_TARNAME='libffi'
PACKAGE_URL=''
PACKAGE_VERSION='3.4.3'
PATH_SEPARATOR=':'
PRTDIAG=''
RANLIB=''
READELF=''
SECTION_LDFLAGS=''
SED=''
SET_MAKE=''
SHELL='/bin/sh'
STRIP=''
TARGET='x86_64-pc-linux-gnu'
TARGETDIR=''
TARGET_OBJ=''
TESTSUBDIR_FALSE=''
TESTSUBDIR_TRUE=''
VERSION=''
ac_ct_AR=''
ac_ct_CC=''
ac_ct_CXX=''
ac_ct_DUMPBIN=''
am__EXEEXT_FALSE=''
am__EXEEXT_TRUE=''
am__fastdepCCAS_FALSE=''
am__fastdepCCAS_TRUE=''
am__fastdepCC_FALSE=''
am__fastdepCC_TRUE=''
am__fastdepCXX_FALSE=''
am__fastdepCXX_TRUE=''
am__include=''
am__isrc=''
am__leading_dot=''
am__nodep=''
am__quote=''
am__tar=''
am__untar=''
ax_enable_builddir_sed=''
bindir='${exec_prefix}/bin'
build='x86_64-pc-linux-gnu'
build_alias=''
build_cpu='x86_64'
build_os='linux-gnu'
build_vendor='pc'
datadir='${datarootdir}'
datarootdir='${prefix}/share'
docdir='${datarootdir}/doc/${PACKAGE_TARNAME}'
dvidir='${docdir}'
exec_prefix='NONE'
host='x86_64-pc-linux-gnu'
host_alias=''
host_cpu='x86_64'
host_os='linux-gnu'
host_vendor='pc'
htmldir='${docdir}'
includedir='${prefix}/include'
infodir='${datarootdir}/info'
install_sh=''
libdir='${exec_prefix}/lib'
libexecdir='${exec_prefix}/libexec'
localedir='${datarootdir}/locale'
localstatedir='${prefix}/var'
mandir='${datarootdir}/man'
mkdir_p=''
oldincludedir='/usr/include'
pdfdir='${docdir}'
prefix='/usr/local/libffi/3_4_3'
program_transform_name='s,x,x,'
psdir='${docdir}'
runstatedir='${localstatedir}/run'
sbindir='${exec_prefix}/sbin'
sharedstatedir='${prefix}/com'
sys_symbol_underscore=''
sysconfdir='${prefix}/etc'
target='x86_64-pc-linux-gnu'
target_alias=''
target_cpu='x86_64'
target_os='linux-gnu'
target_vendor='pc'
tmake_file=''
toolexecdir=''
toolexeclibdir=''

configure: exit 0
